// Jest Snapshot v1, https://goo.gl/fbAQLP

exports[`Hello World renders correctly 1`] = `ShallowWrapper {}`;
